// Jest Snapshot v1, https://goo.gl/fbAQLP

exports[`SHOULD RENDER <EditExpensePage /> CORRECTLY 1`] = `
<div>
  <ExpenseForm
    expense={
      Object {
        "amount": 5000,
        "createdAt": 5097600000,
        "description": "iPhone XS",
        "id": "2",
        "note": "A new iPhoneXS",
      }
    }
    onSubmit={[Function]}
  />
  <button
    onClick={[Function]}
  >
    Remove Expense
  </button>
</div>
`;
