// Jest Snapshot v1, https://goo.gl/fbAQLP

exports[`SHOULD RENDER <ExpenseList /> WITH EMPTY MESSAGE 1`] = `
<div>
  <p>
    No expenses.
  </p>
</div>
`;

exports[`SHOULD RENDER <ExpenseList /> WITH expenses 1`] = `
<div>
  <ExpenseListItem
    amount={6000}
    createdAt={0}
    description="MacBook Pro 13"
    id="1"
    key="1"
    note="A new MacBook Pro 13"
  />
  <ExpenseListItem
    amount={5000}
    createdAt={5097600000}
    description="iPhone XS"
    id="2"
    key="2"
    note="A new iPhoneXS"
  />
  <ExpenseListItem
    amount={4000}
    createdAt={-10540800000}
    description="Xiaomi Mi Air 13"
    id="3"
    key="3"
    note="A new Xiaomi Mi Air 13"
  />
</div>
`;
